// Jest Snapshot v1, https://goo.gl/fbAQLP

exports[`<Clickable /> Should render and match the snapshot 1`] = `
<body>
  <div>
    <div
      class="Clickable__StyledClickable-sc-19lp5om-0 avquq"
      data-testid="clickable"
    />
  </div>
</body>
`;
